--------------------------------------------------------------------------------
Release 14.7 Trace  (nt64)
Copyright (c) 1995-2013 Xilinx, Inc.  All rights reserved.

C:\Xilinx\14.7\ISE_DS\ISE\bin\nt64\unwrapped\trce.exe -intstyle ise -v 3 -s 5
-n 3 -fastpaths -xml ScoreTop.twx ScoreTop.ncd -o ScoreTop.twr ScoreTop.pcf
-ucf ScoreTop.ucf

Design file:              ScoreTop.ncd
Physical constraint file: ScoreTop.pcf
Device,package,speed:     xc3s200,tq144,-5 (PRODUCTION 1.39 2013-10-13)
Report level:             verbose report

Environment Variable      Effect 
--------------------      ------ 
NONE                      No environment variables were set
--------------------------------------------------------------------------------

INFO:Timing:3412 - To improve timing, see the Timing Closure User Guide (UG612).
INFO:Timing:2752 - To get complete path coverage, use the unconstrained paths 
   option. All paths that are not constrained will be reported in the 
   unconstrained paths section(s) of the report.
INFO:Timing:3339 - The clock-to-out numbers in this timing report are based on 
   a 50 Ohm transmission line loading model.  For the details of this model, 
   and for more information on accounting for different loading conditions, 
   please see the device datasheet.
INFO:Timing:3390 - This architecture does not support a default System Jitter 
   value, please add SYSTEM_JITTER constraint to the UCF to modify the Clock 
   Uncertainty calculation.
INFO:Timing:3389 - This architecture does not support 'Discrete Jitter' and 
   'Phase Error' calculations, these terms will be zero in the Clock 
   Uncertainty calculation.  Please make appropriate modification to 
   SYSTEM_JITTER to account for the unsupported Discrete Jitter and Phase 
   Error.

================================================================================
Timing constraint: ts_clk = PERIOD TIMEGRP "CLK" 40 ns HIGH 50%;
For more information, see Period Analysis in the Timing Closure User Guide (UG612).

 1575 paths analyzed, 354 endpoints analyzed, 0 failing endpoints
 0 timing errors detected. (0 setup errors, 0 hold errors, 0 component switching limit errors)
 Minimum period is   6.457ns.
--------------------------------------------------------------------------------

Paths for end point u_Team1/rCnt (SLICE_X23Y8.CE), 19 paths
--------------------------------------------------------------------------------
Slack (setup path):     33.543ns (requirement - (data path - clock path skew + uncertainty))
  Source:               u_Team1/wScore_3 (FF)
  Destination:          u_Team1/rCnt (FF)
  Requirement:          40.000ns
  Data Path Delay:      6.457ns (Levels of Logic = 3)
  Clock Path Skew:      0.000ns
  Source Clock:         CLK_BUFGP rising at 0.000ns
  Destination Clock:    CLK_BUFGP rising at 40.000ns
  Clock Uncertainty:    0.000ns

  Maximum Data Path: u_Team1/wScore_3 to u_Team1/rCnt
    Location             Delay type         Delay(ns)  Physical Resource
                                                       Logical Resource(s)
    -------------------------------------------------  -------------------
    SLICE_X33Y8.XQ       Tcko                  0.626   u_Team1/wScore<3>
                                                       u_Team1/wScore_3
    SLICE_X32Y9.F3       net (fanout=2)        1.204   u_Team1/wScore<3>
    SLICE_X32Y9.X        Tilo                  0.529   u_Team1/wDigit1_and000010
                                                       u_Team1/wDigit1_and000010
    SLICE_X20Y9.G2       net (fanout=1)        0.962   u_Team1/wDigit1_and000010
    SLICE_X20Y9.Y        Tilo                  0.529   u_Team1/wDigit1_not0002
                                                       u_Team1/wDigit1_and000019
    SLICE_X22Y9.F3       net (fanout=10)       0.358   u_Team1/wDigit1_and0000
    SLICE_X22Y9.X        Tilo                  0.529   u_Team1/rCnt_not0001
                                                       u_Team1/rCnt_not0001
    SLICE_X23Y8.CE       net (fanout=1)        1.196   u_Team1/rCnt_not0001
    SLICE_X23Y8.CLK      Tceck                 0.524   u_Team1/rCnt
                                                       u_Team1/rCnt
    -------------------------------------------------  ---------------------------
    Total                                      6.457ns (2.737ns logic, 3.720ns route)
                                                       (42.4% logic, 57.6% route)

--------------------------------------------------------------------------------
Slack (setup path):     33.896ns (requirement - (data path - clock path skew + uncertainty))
  Source:               u_Team1/wScore_2 (FF)
  Destination:          u_Team1/rCnt (FF)
  Requirement:          40.000ns
  Data Path Delay:      6.104ns (Levels of Logic = 3)
  Clock Path Skew:      0.000ns
  Source Clock:         CLK_BUFGP rising at 0.000ns
  Destination Clock:    CLK_BUFGP rising at 40.000ns
  Clock Uncertainty:    0.000ns

  Maximum Data Path: u_Team1/wScore_2 to u_Team1/rCnt
    Location             Delay type         Delay(ns)  Physical Resource
                                                       Logical Resource(s)
    -------------------------------------------------  -------------------
    SLICE_X33Y8.YQ       Tcko                  0.626   u_Team1/wScore<3>
                                                       u_Team1/wScore_2
    SLICE_X32Y9.F1       net (fanout=3)        0.851   u_Team1/wScore<2>
    SLICE_X32Y9.X        Tilo                  0.529   u_Team1/wDigit1_and000010
                                                       u_Team1/wDigit1_and000010
    SLICE_X20Y9.G2       net (fanout=1)        0.962   u_Team1/wDigit1_and000010
    SLICE_X20Y9.Y        Tilo                  0.529   u_Team1/wDigit1_not0002
                                                       u_Team1/wDigit1_and000019
    SLICE_X22Y9.F3       net (fanout=10)       0.358   u_Team1/wDigit1_and0000
    SLICE_X22Y9.X        Tilo                  0.529   u_Team1/rCnt_not0001
                                                       u_Team1/rCnt_not0001
    SLICE_X23Y8.CE       net (fanout=1)        1.196   u_Team1/rCnt_not0001
    SLICE_X23Y8.CLK      Tceck                 0.524   u_Team1/rCnt
                                                       u_Team1/rCnt
    -------------------------------------------------  ---------------------------
    Total                                      6.104ns (2.737ns logic, 3.367ns route)
                                                       (44.8% logic, 55.2% route)

--------------------------------------------------------------------------------
Slack (setup path):     34.131ns (requirement - (data path - clock path skew + uncertainty))
  Source:               u_Team1/wScore_0 (FF)
  Destination:          u_Team1/rCnt (FF)
  Requirement:          40.000ns
  Data Path Delay:      5.869ns (Levels of Logic = 3)
  Clock Path Skew:      0.000ns
  Source Clock:         CLK_BUFGP rising at 0.000ns
  Destination Clock:    CLK_BUFGP rising at 40.000ns
  Clock Uncertainty:    0.000ns

  Maximum Data Path: u_Team1/wScore_0 to u_Team1/rCnt
    Location             Delay type         Delay(ns)  Physical Resource
                                                       Logical Resource(s)
    -------------------------------------------------  -------------------
    SLICE_X32Y8.YQ       Tcko                  0.626   u_Team1/wScore<1>
                                                       u_Team1/wScore_0
    SLICE_X32Y9.F4       net (fanout=3)        0.616   u_Team1/wScore<0>
    SLICE_X32Y9.X        Tilo                  0.529   u_Team1/wDigit1_and000010
                                                       u_Team1/wDigit1_and000010
    SLICE_X20Y9.G2       net (fanout=1)        0.962   u_Team1/wDigit1_and000010
    SLICE_X20Y9.Y        Tilo                  0.529   u_Team1/wDigit1_not0002
                                                       u_Team1/wDigit1_and000019
    SLICE_X22Y9.F3       net (fanout=10)       0.358   u_Team1/wDigit1_and0000
    SLICE_X22Y9.X        Tilo                  0.529   u_Team1/rCnt_not0001
                                                       u_Team1/rCnt_not0001
    SLICE_X23Y8.CE       net (fanout=1)        1.196   u_Team1/rCnt_not0001
    SLICE_X23Y8.CLK      Tceck                 0.524   u_Team1/rCnt
                                                       u_Team1/rCnt
    -------------------------------------------------  ---------------------------
    Total                                      5.869ns (2.737ns logic, 3.132ns route)
                                                       (46.6% logic, 53.4% route)

--------------------------------------------------------------------------------

Paths for end point u_Team1/wDigit1_2 (SLICE_X21Y9.CE), 16 paths
--------------------------------------------------------------------------------
Slack (setup path):     33.819ns (requirement - (data path - clock path skew + uncertainty))
  Source:               u_Team1/wScore_3 (FF)
  Destination:          u_Team1/wDigit1_2 (FF)
  Requirement:          40.000ns
  Data Path Delay:      6.181ns (Levels of Logic = 3)
  Clock Path Skew:      0.000ns
  Source Clock:         CLK_BUFGP rising at 0.000ns
  Destination Clock:    CLK_BUFGP rising at 40.000ns
  Clock Uncertainty:    0.000ns

  Maximum Data Path: u_Team1/wScore_3 to u_Team1/wDigit1_2
    Location             Delay type         Delay(ns)  Physical Resource
                                                       Logical Resource(s)
    -------------------------------------------------  -------------------
    SLICE_X33Y8.XQ       Tcko                  0.626   u_Team1/wScore<3>
                                                       u_Team1/wScore_3
    SLICE_X32Y9.F3       net (fanout=2)        1.204   u_Team1/wScore<3>
    SLICE_X32Y9.X        Tilo                  0.529   u_Team1/wDigit1_and000010
                                                       u_Team1/wDigit1_and000010
    SLICE_X20Y9.G2       net (fanout=1)        0.962   u_Team1/wDigit1_and000010
    SLICE_X20Y9.Y        Tilo                  0.529   u_Team1/wDigit1_not0002
                                                       u_Team1/wDigit1_and000019
    SLICE_X20Y9.F3       net (fanout=10)       0.058   u_Team1/wDigit1_and0000
    SLICE_X20Y9.X        Tilo                  0.529   u_Team1/wDigit1_not0002
                                                       u_Team1/wDigit1_not00021
    SLICE_X21Y9.CE       net (fanout=3)        1.220   u_Team1/wDigit1_not0002
    SLICE_X21Y9.CLK      Tceck                 0.524   u_Team1/wDigit1<2>
                                                       u_Team1/wDigit1_2
    -------------------------------------------------  ---------------------------
    Total                                      6.181ns (2.737ns logic, 3.444ns route)
                                                       (44.3% logic, 55.7% route)

--------------------------------------------------------------------------------
Slack (setup path):     34.172ns (requirement - (data path - clock path skew + uncertainty))
  Source:               u_Team1/wScore_2 (FF)
  Destination:          u_Team1/wDigit1_2 (FF)
  Requirement:          40.000ns
  Data Path Delay:      5.828ns (Levels of Logic = 3)
  Clock Path Skew:      0.000ns
  Source Clock:         CLK_BUFGP rising at 0.000ns
  Destination Clock:    CLK_BUFGP rising at 40.000ns
  Clock Uncertainty:    0.000ns

  Maximum Data Path: u_Team1/wScore_2 to u_Team1/wDigit1_2
    Location             Delay type         Delay(ns)  Physical Resource
                                                       Logical Resource(s)
    -------------------------------------------------  -------------------
    SLICE_X33Y8.YQ       Tcko                  0.626   u_Team1/wScore<3>
                                                       u_Team1/wScore_2
    SLICE_X32Y9.F1       net (fanout=3)        0.851   u_Team1/wScore<2>
    SLICE_X32Y9.X        Tilo                  0.529   u_Team1/wDigit1_and000010
                                                       u_Team1/wDigit1_and000010
    SLICE_X20Y9.G2       net (fanout=1)        0.962   u_Team1/wDigit1_and000010
    SLICE_X20Y9.Y        Tilo                  0.529   u_Team1/wDigit1_not0002
                                                       u_Team1/wDigit1_and000019
    SLICE_X20Y9.F3       net (fanout=10)       0.058   u_Team1/wDigit1_and0000
    SLICE_X20Y9.X        Tilo                  0.529   u_Team1/wDigit1_not0002
                                                       u_Team1/wDigit1_not00021
    SLICE_X21Y9.CE       net (fanout=3)        1.220   u_Team1/wDigit1_not0002
    SLICE_X21Y9.CLK      Tceck                 0.524   u_Team1/wDigit1<2>
                                                       u_Team1/wDigit1_2
    -------------------------------------------------  ---------------------------
    Total                                      5.828ns (2.737ns logic, 3.091ns route)
                                                       (47.0% logic, 53.0% route)

--------------------------------------------------------------------------------
Slack (setup path):     34.407ns (requirement - (data path - clock path skew + uncertainty))
  Source:               u_Team1/wScore_0 (FF)
  Destination:          u_Team1/wDigit1_2 (FF)
  Requirement:          40.000ns
  Data Path Delay:      5.593ns (Levels of Logic = 3)
  Clock Path Skew:      0.000ns
  Source Clock:         CLK_BUFGP rising at 0.000ns
  Destination Clock:    CLK_BUFGP rising at 40.000ns
  Clock Uncertainty:    0.000ns

  Maximum Data Path: u_Team1/wScore_0 to u_Team1/wDigit1_2
    Location             Delay type         Delay(ns)  Physical Resource
                                                       Logical Resource(s)
    -------------------------------------------------  -------------------
    SLICE_X32Y8.YQ       Tcko                  0.626   u_Team1/wScore<1>
                                                       u_Team1/wScore_0
    SLICE_X32Y9.F4       net (fanout=3)        0.616   u_Team1/wScore<0>
    SLICE_X32Y9.X        Tilo                  0.529   u_Team1/wDigit1_and000010
                                                       u_Team1/wDigit1_and000010
    SLICE_X20Y9.G2       net (fanout=1)        0.962   u_Team1/wDigit1_and000010
    SLICE_X20Y9.Y        Tilo                  0.529   u_Team1/wDigit1_not0002
                                                       u_Team1/wDigit1_and000019
    SLICE_X20Y9.F3       net (fanout=10)       0.058   u_Team1/wDigit1_and0000
    SLICE_X20Y9.X        Tilo                  0.529   u_Team1/wDigit1_not0002
                                                       u_Team1/wDigit1_not00021
    SLICE_X21Y9.CE       net (fanout=3)        1.220   u_Team1/wDigit1_not0002
    SLICE_X21Y9.CLK      Tceck                 0.524   u_Team1/wDigit1<2>
                                                       u_Team1/wDigit1_2
    -------------------------------------------------  ---------------------------
    Total                                      5.593ns (2.737ns logic, 2.856ns route)
                                                       (48.9% logic, 51.1% route)

--------------------------------------------------------------------------------

Paths for end point u_Team1/wDigit2_2 (SLICE_X19Y10.CE), 15 paths
--------------------------------------------------------------------------------
Slack (setup path):     33.986ns (requirement - (data path - clock path skew + uncertainty))
  Source:               u_Team1/wScore_3 (FF)
  Destination:          u_Team1/wDigit2_2 (FF)
  Requirement:          40.000ns
  Data Path Delay:      6.014ns (Levels of Logic = 3)
  Clock Path Skew:      0.000ns
  Source Clock:         CLK_BUFGP rising at 0.000ns
  Destination Clock:    CLK_BUFGP rising at 40.000ns
  Clock Uncertainty:    0.000ns

  Maximum Data Path: u_Team1/wScore_3 to u_Team1/wDigit2_2
    Location             Delay type         Delay(ns)  Physical Resource
                                                       Logical Resource(s)
    -------------------------------------------------  -------------------
    SLICE_X33Y8.XQ       Tcko                  0.626   u_Team1/wScore<3>
                                                       u_Team1/wScore_3
    SLICE_X32Y9.F3       net (fanout=2)        1.204   u_Team1/wScore<3>
    SLICE_X32Y9.X        Tilo                  0.529   u_Team1/wDigit1_and000010
                                                       u_Team1/wDigit1_and000010
    SLICE_X20Y9.G2       net (fanout=1)        0.962   u_Team1/wDigit1_and000010
    SLICE_X20Y9.Y        Tilo                  0.529   u_Team1/wDigit1_not0002
                                                       u_Team1/wDigit1_and000019
    SLICE_X20Y10.F4      net (fanout=10)       0.452   u_Team1/wDigit1_and0000
    SLICE_X20Y10.X       Tilo                  0.529   u_Team1/wDigit2<0>
                                                       u_Team1/wDigit2_not00021
    SLICE_X19Y10.CE      net (fanout=4)        0.659   u_Team1/wDigit2_not0002
    SLICE_X19Y10.CLK     Tceck                 0.524   u_Team1/wDigit2<2>
                                                       u_Team1/wDigit2_2
    -------------------------------------------------  ---------------------------
    Total                                      6.014ns (2.737ns logic, 3.277ns route)
                                                       (45.5% logic, 54.5% route)

--------------------------------------------------------------------------------
Slack (setup path):     34.339ns (requirement - (data path - clock path skew + uncertainty))
  Source:               u_Team1/wScore_2 (FF)
  Destination:          u_Team1/wDigit2_2 (FF)
  Requirement:          40.000ns
  Data Path Delay:      5.661ns (Levels of Logic = 3)
  Clock Path Skew:      0.000ns
  Source Clock:         CLK_BUFGP rising at 0.000ns
  Destination Clock:    CLK_BUFGP rising at 40.000ns
  Clock Uncertainty:    0.000ns

  Maximum Data Path: u_Team1/wScore_2 to u_Team1/wDigit2_2
    Location             Delay type         Delay(ns)  Physical Resource
                                                       Logical Resource(s)
    -------------------------------------------------  -------------------
    SLICE_X33Y8.YQ       Tcko                  0.626   u_Team1/wScore<3>
                                                       u_Team1/wScore_2
    SLICE_X32Y9.F1       net (fanout=3)        0.851   u_Team1/wScore<2>
    SLICE_X32Y9.X        Tilo                  0.529   u_Team1/wDigit1_and000010
                                                       u_Team1/wDigit1_and000010
    SLICE_X20Y9.G2       net (fanout=1)        0.962   u_Team1/wDigit1_and000010
    SLICE_X20Y9.Y        Tilo                  0.529   u_Team1/wDigit1_not0002
                                                       u_Team1/wDigit1_and000019
    SLICE_X20Y10.F4      net (fanout=10)       0.452   u_Team1/wDigit1_and0000
    SLICE_X20Y10.X       Tilo                  0.529   u_Team1/wDigit2<0>
                                                       u_Team1/wDigit2_not00021
    SLICE_X19Y10.CE      net (fanout=4)        0.659   u_Team1/wDigit2_not0002
    SLICE_X19Y10.CLK     Tceck                 0.524   u_Team1/wDigit2<2>
                                                       u_Team1/wDigit2_2
    -------------------------------------------------  ---------------------------
    Total                                      5.661ns (2.737ns logic, 2.924ns route)
                                                       (48.3% logic, 51.7% route)

--------------------------------------------------------------------------------
Slack (setup path):     34.574ns (requirement - (data path - clock path skew + uncertainty))
  Source:               u_Team1/wScore_0 (FF)
  Destination:          u_Team1/wDigit2_2 (FF)
  Requirement:          40.000ns
  Data Path Delay:      5.426ns (Levels of Logic = 3)
  Clock Path Skew:      0.000ns
  Source Clock:         CLK_BUFGP rising at 0.000ns
  Destination Clock:    CLK_BUFGP rising at 40.000ns
  Clock Uncertainty:    0.000ns

  Maximum Data Path: u_Team1/wScore_0 to u_Team1/wDigit2_2
    Location             Delay type         Delay(ns)  Physical Resource
                                                       Logical Resource(s)
    -------------------------------------------------  -------------------
    SLICE_X32Y8.YQ       Tcko                  0.626   u_Team1/wScore<1>
                                                       u_Team1/wScore_0
    SLICE_X32Y9.F4       net (fanout=3)        0.616   u_Team1/wScore<0>
    SLICE_X32Y9.X        Tilo                  0.529   u_Team1/wDigit1_and000010
                                                       u_Team1/wDigit1_and000010
    SLICE_X20Y9.G2       net (fanout=1)        0.962   u_Team1/wDigit1_and000010
    SLICE_X20Y9.Y        Tilo                  0.529   u_Team1/wDigit1_not0002
                                                       u_Team1/wDigit1_and000019
    SLICE_X20Y10.F4      net (fanout=10)       0.452   u_Team1/wDigit1_and0000
    SLICE_X20Y10.X       Tilo                  0.529   u_Team1/wDigit2<0>
                                                       u_Team1/wDigit2_not00021
    SLICE_X19Y10.CE      net (fanout=4)        0.659   u_Team1/wDigit2_not0002
    SLICE_X19Y10.CLK     Tceck                 0.524   u_Team1/wDigit2<2>
                                                       u_Team1/wDigit2_2
    -------------------------------------------------  ---------------------------
    Total                                      5.426ns (2.737ns logic, 2.689ns route)
                                                       (50.4% logic, 49.6% route)

--------------------------------------------------------------------------------

Hold Paths: ts_clk = PERIOD TIMEGRP "CLK" 40 ns HIGH 50%;
--------------------------------------------------------------------------------

Paths for end point u_Change/rDebouce_1 (SLICE_X12Y7.BX), 1 path
--------------------------------------------------------------------------------
Slack (hold path):      0.703ns (requirement - (clock path skew + uncertainty - data path))
  Source:               u_Change/rDebouce_0 (FF)
  Destination:          u_Change/rDebouce_1 (FF)
  Requirement:          0.000ns
  Data Path Delay:      0.703ns (Levels of Logic = 0)
  Clock Path Skew:      0.000ns
  Source Clock:         CLK_BUFGP rising at 40.000ns
  Destination Clock:    CLK_BUFGP rising at 40.000ns
  Clock Uncertainty:    0.000ns

  Minimum Data Path: u_Change/rDebouce_0 to u_Change/rDebouce_1
    Location             Delay type         Delay(ns)  Physical Resource
                                                       Logical Resource(s)
    -------------------------------------------------  -------------------
    SLICE_X12Y7.YQ       Tcko                  0.501   u_Change/rDebouce<1>
                                                       u_Change/rDebouce_0
    SLICE_X12Y7.BX       net (fanout=2)        0.448   u_Change/rDebouce<0>
    SLICE_X12Y7.CLK      Tckdi       (-Th)     0.246   u_Change/rDebouce<1>
                                                       u_Change/rDebouce_1
    -------------------------------------------------  ---------------------------
    Total                                      0.703ns (0.255ns logic, 0.448ns route)
                                                       (36.3% logic, 63.7% route)

--------------------------------------------------------------------------------

Paths for end point u_Push1/rDebouce_1 (SLICE_X17Y6.BX), 1 path
--------------------------------------------------------------------------------
Slack (hold path):      0.703ns (requirement - (clock path skew + uncertainty - data path))
  Source:               u_Push1/rDebouce_0 (FF)
  Destination:          u_Push1/rDebouce_1 (FF)
  Requirement:          0.000ns
  Data Path Delay:      0.703ns (Levels of Logic = 0)
  Clock Path Skew:      0.000ns
  Source Clock:         CLK_BUFGP rising at 40.000ns
  Destination Clock:    CLK_BUFGP rising at 40.000ns
  Clock Uncertainty:    0.000ns

  Minimum Data Path: u_Push1/rDebouce_0 to u_Push1/rDebouce_1
    Location             Delay type         Delay(ns)  Physical Resource
                                                       Logical Resource(s)
    -------------------------------------------------  -------------------
    SLICE_X17Y6.YQ       Tcko                  0.501   u_Push1/rDebouce<1>
                                                       u_Push1/rDebouce_0
    SLICE_X17Y6.BX       net (fanout=2)        0.448   u_Push1/rDebouce<0>
    SLICE_X17Y6.CLK      Tckdi       (-Th)     0.246   u_Push1/rDebouce<1>
                                                       u_Push1/rDebouce_1
    -------------------------------------------------  ---------------------------
    Total                                      0.703ns (0.255ns logic, 0.448ns route)
                                                       (36.3% logic, 63.7% route)

--------------------------------------------------------------------------------

Paths for end point u_Push3/rDebouce_1 (SLICE_X15Y9.BX), 1 path
--------------------------------------------------------------------------------
Slack (hold path):      0.721ns (requirement - (clock path skew + uncertainty - data path))
  Source:               u_Push3/rDebouce_0 (FF)
  Destination:          u_Push3/rDebouce_1 (FF)
  Requirement:          0.000ns
  Data Path Delay:      0.721ns (Levels of Logic = 0)
  Clock Path Skew:      0.000ns
  Source Clock:         CLK_BUFGP rising at 40.000ns
  Destination Clock:    CLK_BUFGP rising at 40.000ns
  Clock Uncertainty:    0.000ns

  Minimum Data Path: u_Push3/rDebouce_0 to u_Push3/rDebouce_1
    Location             Delay type         Delay(ns)  Physical Resource
                                                       Logical Resource(s)
    -------------------------------------------------  -------------------
    SLICE_X15Y9.YQ       Tcko                  0.501   u_Push3/rDebouce<1>
                                                       u_Push3/rDebouce_0
    SLICE_X15Y9.BX       net (fanout=2)        0.466   u_Push3/rDebouce<0>
    SLICE_X15Y9.CLK      Tckdi       (-Th)     0.246   u_Push3/rDebouce<1>
                                                       u_Push3/rDebouce_1
    -------------------------------------------------  ---------------------------
    Total                                      0.721ns (0.255ns logic, 0.466ns route)
                                                       (35.4% logic, 64.6% route)

--------------------------------------------------------------------------------

Component Switching Limit Checks: ts_clk = PERIOD TIMEGRP "CLK" 40 ns HIGH 50%;
--------------------------------------------------------------------------------
Slack: 38.498ns (period - (min low pulse limit / (low pulse / period)))
  Period: 40.000ns
  Low pulse: 20.000ns
  Low pulse limit: 0.751ns (Trpw)
  Physical resource: u_Team2/wDigit2<0>/SR
  Logical resource: u_Team2/wDigit2_0/SR
  Location pin: SLICE_X26Y6.SR
  Clock network: Rstb_IBUF
--------------------------------------------------------------------------------
Slack: 38.498ns (period - (min high pulse limit / (high pulse / period)))
  Period: 40.000ns
  High pulse: 20.000ns
  High pulse limit: 0.751ns (Trpw)
  Physical resource: u_Team2/wDigit2<0>/SR
  Logical resource: u_Team2/wDigit2_0/SR
  Location pin: SLICE_X26Y6.SR
  Clock network: Rstb_IBUF
--------------------------------------------------------------------------------
Slack: 38.498ns (period - (min low pulse limit / (low pulse / period)))
  Period: 40.000ns
  Low pulse: 20.000ns
  Low pulse limit: 0.751ns (Trpw)
  Physical resource: u_Team1/wDigit1<2>/SR
  Logical resource: u_Team1/wDigit1_2/SR
  Location pin: SLICE_X21Y9.SR
  Clock network: Rstb_IBUF
--------------------------------------------------------------------------------


All constraints were met.


Data Sheet report:
-----------------
All values displayed in nanoseconds (ns)

Clock to Setup on destination clock CLK
---------------+---------+---------+---------+---------+
               | Src:Rise| Src:Fall| Src:Rise| Src:Fall|
Source Clock   |Dest:Rise|Dest:Rise|Dest:Fall|Dest:Fall|
---------------+---------+---------+---------+---------+
CLK            |    6.457|         |         |         |
---------------+---------+---------+---------+---------+


Timing summary:
---------------

Timing errors: 0  Score: 0  (Setup/Max: 0, Hold: 0)

Constraints cover 1575 paths, 0 nets, and 673 connections

Design statistics:
   Minimum period:   6.457ns{1}   (Maximum frequency: 154.871MHz)


------------------------------------Footnotes-----------------------------------
1)  The minimum period statistic assumes all single cycle delays.

Analysis completed Sun Nov 19 13:57:05 2017 
--------------------------------------------------------------------------------

Trace Settings:
-------------------------
Trace Settings 

Peak Memory Usage: 166 MB



